To honour the JVM settings for this build a single-use Daemon process will be forked. For more on this, please refer to https://docs.gradle.org/8.13/userguide/gradle_daemon.html#sec:disabling_the_daemon in the Gradle documentation.
Daemon will be stopped at the end of the build 
> Task :app:checkKotlinGradlePluginConfigurationErrors SKIPPED
> Task :app:preBuild UP-TO-DATE
> Task :app:preDebugBuild UP-TO-DATE
> Task :app:checkDebugAarMetadata
> Task :app:processDebugNavigationResources UP-TO-DATE
> Task :app:compileDebugNavigationResources UP-TO-DATE
> Task :app:generateDebugResValues UP-TO-DATE
> Task :app:processDebugGoogleServices UP-TO-DATE
> Task :app:mapDebugSourceSetPaths
> Task :app:generateDebugResources UP-TO-DATE
> Task :app:mergeDebugResources
> Task :app:packageDebugResources UP-TO-DATE
> Task :app:parseDebugLocalResources UP-TO-DATE
> Task :app:createDebugCompatibleScreenManifests UP-TO-DATE
> Task :app:extractDeepLinksDebug UP-TO-DATE
> Task :app:processDebugMainManifest
> Task :app:processDebugManifest
> Task :app:processDebugManifestForPackage
> Task :app:processDebugResources

> Task :app:compileDebugKotlin
w: file:///Users/amine/Developer/useprocess/android/app/src/main/java/com/process/android/TenKViewSnapshot.kt:58:50 'fun resume(value: Bitmap, onCancellation: ((Throwable) -> Unit)?): Unit' is deprecated. Use the overload that also accepts the `value` and the coroutine context in lambda.

> Task :app:javaPreCompileDebug UP-TO-DATE
> Task :app:compileDebugJavaWithJavac NO-SOURCE
> Task :app:bundleDebugClassesToRuntimeJar
> Task :app:bundleDebugClassesToCompileJar

> Task :app:compileDebugUnitTestKotlin
w: file:///Users/amine/Developer/useprocess/android/app/src/uiTest/java/com/process/android/ProcessRenderTest.kt:64:95 Unnecessary non-null assertion (!!) on a non-null receiver of type 'ViewSnapshotImage'.
w: file:///Users/amine/Developer/useprocess/android/app/src/uiTest/java/com/process/android/ProcessRenderTest.kt:64:134 Unnecessary non-null assertion (!!) on a non-null receiver of type 'ViewSnapshotImage'.
w: file:///Users/amine/Developer/useprocess/android/app/src/uiTest/java/com/process/android/ProcessRenderTest.kt:65:55 Unnecessary non-null assertion (!!) on a non-null receiver of type 'ViewSnapshotImage'.
w: file:///Users/amine/Developer/useprocess/android/app/src/uiTest/java/com/process/android/ProcessRenderTest.kt:66:108 Unnecessary non-null assertion (!!) on a non-null receiver of type 'ViewSnapshotImage'.

> Task :app:preDebugUnitTestBuild UP-TO-DATE
> Task :app:javaPreCompileDebugUnitTest UP-TO-DATE
> Task :app:compileDebugUnitTestJavaWithJavac NO-SOURCE
> Task :app:mergeDebugShaders UP-TO-DATE
> Task :app:compileDebugShaders NO-SOURCE
> Task :app:generateDebugAssets UP-TO-DATE
> Task :app:mergeDebugAssets UP-TO-DATE
> Task :app:packageDebugUnitTestForUnitTest UP-TO-DATE
> Task :app:processDebugUnitTestManifest UP-TO-DATE
> Task :app:generateDebugUnitTestConfig UP-TO-DATE
> Task :app:processDebugJavaRes
> Task :app:processDebugUnitTestJavaRes UP-TO-DATE
> Task :app:testDebugUnitTest

BUILD SUCCESSFUL in 34s
30 actionable tasks: 13 executed, 17 up-to-date
